=== Tile Grid Scaling ===
=== Task btor ===
Task						Result (MI)	Result (IA)	Process (MI)	Process (IA)	Clock (MI)	Clock (IA)
I16_O16_C16_W2_H2_F8_N6_D4_S0_T600		PASS		PASS		0:00:02		0:00:01		0:00:02		0:00:01
I16_O16_C16_W3_H3_F8_N6_D4_S0_T600		PASS		PASS		0:00:14		0:00:06		0:00:14		0:00:06
I16_O16_C16_W4_H4_F8_N6_D4_S0_T600		PASS		PASS		0:01:10		0:00:21		0:01:10		0:00:20
I16_O16_C16_W5_H5_F8_N6_D4_S0_T600		PASS		PASS		0:04:33		0:00:42		0:04:32		0:00:42
I16_O16_C16_W6_H6_F8_N6_D4_S0_T600		TIMEOUT		PASS		0:10:01		0:01:24		0:00:00		0:01:24
I16_O16_C16_W7_H7_F8_N6_D4_S0_T600		---		PASS		---		0:02:22		---		0:02:22
I16_O16_C16_W8_H8_F8_N6_D4_S0_T600		---		PASS		---		0:04:00		---		0:04:00
I16_O16_C16_W9_H9_F8_N6_D4_S0_T600		---		PASS		---		0:06:21		---		0:06:20
I16_O16_C16_W10_H10_F8_N6_D4_S0_T600		---		PASS		---		0:09:27		---		0:09:26
I16_O16_C16_W11_H11_F8_N6_D4_S0_T600		---		TIMEOUT		---		0:10:01		---		0:00:05

=== Task bitwuzla ===
Task						Result (MI)	Result (IA)	Process (MI)	Process (IA)	Clock (MI)	Clock (IA)
I16_O16_C16_W2_H2_F8_N6_D4_S0_T600		PASS		PASS		0:00:03		0:00:05		0:00:03		0:00:05
I16_O16_C16_W3_H3_F8_N6_D4_S0_T600		PASS		PASS		0:00:14		0:00:29		0:00:14		0:00:29
I16_O16_C16_W4_H4_F8_N6_D4_S0_T600		PASS		PASS		0:00:37		0:01:52		0:00:37		0:01:53
I16_O16_C16_W5_H5_F8_N6_D4_S0_T600		PASS		PASS		0:02:35		0:05:30		0:02:35		0:05:30
I16_O16_C16_W6_H6_F8_N6_D4_S0_T600		PASS		TIMEOUT		0:09:36		0:10:01		0:09:35		0:00:01
I16_O16_C16_W7_H7_F8_N6_D4_S0_T600		TIMEOUT		---		0:10:01		---		0:00:01		---

=== Task abc ===
Task						Result (MI)	Result (IA)	Process (MI)	Process (IA)	Clock (MI)	Clock (IA)
I16_O16_C16_W2_H2_F8_N6_D4_S0_T600		PASS		PASS		0:00:00		0:00:00		0:00:00		0:00:00
I16_O16_C16_W3_H3_F8_N6_D4_S0_T600		PASS		PASS		0:00:02		0:00:02		0:00:02		0:00:02
I16_O16_C16_W4_H4_F8_N6_D4_S0_T600		PASS		PASS		0:00:32		0:00:08		0:00:32		0:00:08
I16_O16_C16_W5_H5_F8_N6_D4_S0_T600		TIMEOUT		PASS		0:10:01		0:00:14		0:00:00		0:00:14
I16_O16_C16_W6_H6_F8_N6_D4_S0_T600		---		PASS		---		0:00:28		---		0:00:28
I16_O16_C16_W7_H7_F8_N6_D4_S0_T600		---		PASS		---		0:00:43		---		0:00:44
I16_O16_C16_W8_H8_F8_N6_D4_S0_T600		---		PASS		---		0:03:16		---		0:03:17
I16_O16_C16_W9_H9_F8_N6_D4_S0_T600		---		PASS		---		0:04:18		---		0:04:19
I16_O16_C16_W10_H10_F8_N6_D4_S0_T600		---		PASS		---		0:06:23		---		0:06:25
I16_O16_C16_W11_H11_F8_N6_D4_S0_T600		---		PASS		---		0:08:35		---		0:08:37
I16_O16_C16_W12_H12_F8_N6_D4_S0_T600		---		TIMEOUT		---		0:10:01		---		0:00:11

=== Task aiger ===
Task						Result (MI)	Result (IA)	Process (MI)	Process (IA)	Clock (MI)	Clock (IA)
I16_O16_C16_W2_H2_F8_N6_D4_S0_T600		PASS		PASS		0:00:00		0:00:00		0:00:00		0:00:00
I16_O16_C16_W3_H3_F8_N6_D4_S0_T600		PASS		PASS		0:00:00		0:00:01		0:00:01		0:00:05
I16_O16_C16_W4_H4_F8_N6_D4_S0_T600		PASS		PASS		0:00:00		0:00:01		0:00:02		0:00:05
I16_O16_C16_W5_H5_F8_N6_D4_S0_T600		PASS		PASS		0:00:01		0:00:02		0:00:04		0:00:17
I16_O16_C16_W6_H6_F8_N6_D4_S0_T600		PASS		PASS		0:00:01		0:00:04		0:00:06		0:00:23
I16_O16_C16_W7_H7_F8_N6_D4_S0_T600		PASS		PASS		0:00:02		0:00:05		0:00:07		0:00:32
I16_O16_C16_W8_H8_F8_N6_D4_S0_T600		PASS		PASS		0:00:03		0:00:10		0:00:12		0:01:08
I16_O16_C16_W9_H9_F8_N6_D4_S0_T600		PASS		PASS		0:00:04		0:00:15		0:00:15		0:01:35
I16_O16_C16_W10_H10_F8_N6_D4_S0_T600		PASS		PASS		0:00:05		0:00:30		0:00:20		0:03:34
I16_O16_C16_W11_H11_F8_N6_D4_S0_T600		PASS		PASS		0:00:08		0:00:40		0:00:32		0:05:44
I16_O16_C16_W12_H12_F8_N6_D4_S0_T600		PASS		PASS		0:00:11		0:01:14		0:00:55		0:10:36
I16_O16_C16_W13_H13_F8_N6_D4_S0_T600		PASS		PASS		0:00:12		0:01:29		0:00:58		0:12:46
I16_O16_C16_W14_H14_F8_N6_D4_S0_T600		PASS		PASS		0:00:16		0:02:17		0:01:41		0:19:41
I16_O16_C16_W15_H15_F8_N6_D4_S0_T600		PASS		PASS		0:00:18		0:03:27		0:01:33		0:29:55
I16_O16_C16_W16_H16_F8_N6_D4_S0_T600		PASS		PASS		0:00:21		0:04:34		0:01:49		0:40:07
I16_O16_C16_W17_H17_F8_N6_D4_S0_T600		PASS		PASS		0:00:32		0:04:56		0:03:51		0:42:46
I16_O16_C16_W18_H18_F8_N6_D4_S0_T600		PASS		PASS		0:00:40		0:07:39		0:04:54		1:06:41
I16_O16_C16_W19_H19_F8_N6_D4_S0_T600		PASS		PASS		0:00:46		0:09:13		0:05:37		1:20:37
I16_O16_C16_W20_H20_F8_N6_D4_S0_T600		PASS		TIMEOUT		0:00:58		0:10:01		0:07:43		0:00:45
I16_O16_C16_W21_H21_F8_N6_D4_S0_T600		PASS		---		0:01:07		---		0:09:14		---
I16_O16_C16_W22_H22_F8_N6_D4_S0_T600		PASS		---		0:01:22		---		0:11:42		---
I16_O16_C16_W23_H23_F8_N6_D4_S0_T600		PASS		---		0:01:23		---		0:11:25		---
I16_O16_C16_W24_H24_F8_N6_D4_S0_T600		TIMEOUT		---		0:10:01		---		0:00:51		---

=== Control Bit Scaling ===
=== Task btor ===
Task						Result (MI)	Result (IA)	Process (MI)	Process (IA)	Clock (MI)	Clock (IA)
I16_O16_C2_W2_H2_F8_N6_D4_S0_T600		PASS		PASS		0:00:03		0:00:02		0:00:03		0:00:02
I16_O16_C4_W4_H4_F8_N6_D4_S0_T600		PASS		PASS		0:01:38		0:00:21		0:01:38		0:00:21
I16_O16_C8_W6_H6_F8_N6_D4_S0_T600		TIMEOUT		PASS		0:10:01		0:01:24		0:00:00		0:01:24
I16_O16_C16_W8_H8_F8_N6_D4_S0_T600		---		PASS		---		0:04:00		---		0:04:00
I16_O16_C32_W10_H10_F8_N6_D4_S0_T600		---		PASS		---		0:09:54		---		0:09:53
I16_O16_C64_W12_H12_F8_N6_D4_S0_T600		---		TIMEOUT		---		0:10:01		---		0:00:07

=== Task bitwuzla ===
Task						Result (MI)	Result (IA)	Process (MI)	Process (IA)	Clock (MI)	Clock (IA)
I16_O16_C2_W2_H2_F8_N6_D4_S0_T600		PASS		PASS		0:00:03		0:00:04		0:00:03		0:00:04
I16_O16_C4_W4_H4_F8_N6_D4_S0_T600		PASS		PASS		0:01:51		0:04:22		0:01:51		0:04:22
I16_O16_C8_W6_H6_F8_N6_D4_S0_T600		TIMEOUT		TIMEOUT		0:10:01		0:10:01		0:00:00		0:00:01

=== Task abc ===
Task						Result (MI)	Result (IA)	Process (MI)	Process (IA)	Clock (MI)	Clock (IA)
I16_O16_C2_W2_H2_F8_N6_D4_S0_T600		PASS		PASS		0:00:00		0:00:00		0:00:00		0:00:00
I16_O16_C4_W4_H4_F8_N6_D4_S0_T600		PASS		PASS		0:00:22		0:00:06		0:00:22		0:00:06
I16_O16_C8_W6_H6_F8_N6_D4_S0_T600		TIMEOUT		PASS		0:10:01		0:00:25		0:00:01		0:00:25
I16_O16_C16_W8_H8_F8_N6_D4_S0_T600		---		PASS		---		0:03:16		---		0:03:17
I16_O16_C32_W10_H10_F8_N6_D4_S0_T600		---		PASS		---		0:05:48		---		0:05:49
I16_O16_C64_W12_H12_F8_N6_D4_S0_T600		---		PASS		---		0:09:59		---		0:10:01
I16_O16_C128_W14_H14_F8_N6_D4_S0_T600		---		TIMEOUT		---		0:10:01		---		0:00:17

=== Task aiger ===
Task						Result (MI)	Result (IA)	Process (MI)	Process (IA)	Clock (MI)	Clock (IA)
I16_O16_C2_W2_H2_F8_N6_D4_S0_T600		PASS		PASS		0:00:00		0:00:00		0:00:00		0:00:00
I16_O16_C4_W4_H4_F8_N6_D4_S0_T600		PASS		PASS		0:00:00		0:00:01		0:00:01		0:00:05
I16_O16_C8_W6_H6_F8_N6_D4_S0_T600		PASS		PASS		0:00:01		0:00:03		0:00:06		0:00:15
I16_O16_C16_W8_H8_F8_N6_D4_S0_T600		PASS		PASS		0:00:03		0:00:10		0:00:12		0:01:08
I16_O16_C32_W10_H10_F8_N6_D4_S0_T600		PASS		PASS		0:00:05		0:00:26		0:00:18		0:03:00
I16_O16_C64_W12_H12_F8_N6_D4_S0_T600		PASS		PASS		0:00:09		0:01:07		0:00:40		0:09:46
I16_O16_C128_W14_H14_F8_N6_D4_S0_T600		PASS		PASS		0:00:19		0:02:12		0:02:01		0:18:38
I16_O16_C256_W16_H16_F8_N6_D4_S0_T600		PASS		PASS		0:00:23		0:04:29		0:02:15		0:38:35
I16_O16_C512_W18_H18_F8_N6_D4_S0_T600		PASS		TIMEOUT		0:00:36		0:10:01		0:04:04		0:00:36
I16_O16_C1024_W20_H20_F8_N6_D4_S0_T600		PASS		---		0:01:07		---		0:09:44		---
I16_O16_C2048_W22_H22_F8_N6_D4_S0_T600		PASS		---		0:01:21		---		0:11:47		---
I16_O16_C4096_W24_H24_F8_N6_D4_S0_T600		PASS		---		0:01:10		---		0:08:39		---
I16_O16_C8192_W26_H26_F8_N6_D4_S0_T600		TIMEOUT		---		0:10:01		---		0:00:59		---

=== Max Distance Scaling ===
=== Task btor ===
Task						Result (MI)	Result (IA)	Process (MI)	Process (IA)	Clock (MI)	Clock (IA)
I16_O16_C16_W2_H2_F8_N6_D2_S0_T600		PASS		PASS		0:00:03		0:00:02		0:00:03		0:00:02
I16_O16_C16_W4_H4_F8_N6_D4_S0_T600		PASS		PASS		0:01:10		0:00:21		0:01:10		0:00:20
I16_O16_C16_W6_H6_F8_N6_D8_S0_T600		PASS		PASS		0:07:54		0:01:30		0:07:52		0:01:30
I16_O16_C16_W8_H8_F8_N6_D16_S0_T600		TIMEOUT		PASS		0:10:01		0:04:00		0:00:01		0:03:59
I16_O16_C16_W10_H10_F8_N6_D32_S0_T600		---		PASS		---		0:09:40		---		0:09:39
I16_O16_C16_W12_H12_F8_N6_D64_S0_T600		---		TIMEOUT		---		0:10:01		---		0:00:06

=== Task bitwuzla ===
Task						Result (MI)	Result (IA)	Process (MI)	Process (IA)	Clock (MI)	Clock (IA)
I16_O16_C16_W2_H2_F8_N6_D2_S0_T600		PASS		PASS		0:00:03		0:00:05		0:00:03		0:00:05
I16_O16_C16_W4_H4_F8_N6_D4_S0_T600		PASS		PASS		0:00:37		0:01:52		0:00:37		0:01:53
I16_O16_C16_W6_H6_F8_N6_D8_S0_T600		TIMEOUT		TIMEOUT		0:10:01		0:10:01		0:00:00		0:00:01

=== Task abc ===
Task						Result (MI)	Result (IA)	Process (MI)	Process (IA)	Clock (MI)	Clock (IA)
I16_O16_C16_W2_H2_F8_N6_D2_S0_T600		PASS		PASS		0:00:00		0:00:00		0:00:00		0:00:00
I16_O16_C16_W4_H4_F8_N6_D4_S0_T600		PASS		PASS		0:00:32		0:00:08		0:00:32		0:00:08
I16_O16_C16_W6_H6_F8_N6_D8_S0_T600		TIMEOUT		PASS		0:10:01		0:00:26		0:00:01		0:00:26
I16_O16_C16_W8_H8_F8_N6_D16_S0_T600		---		PASS		---		0:00:59		---		0:01:00
I16_O16_C16_W10_H10_F8_N6_D32_S0_T600		---		PASS		---		0:02:46		---		0:02:48
I16_O16_C16_W12_H12_F8_N6_D64_S0_T600		---		TIMEOUT		---		0:10:01		---		0:00:11

=== Task aiger ===
Task						Result (MI)	Result (IA)	Process (MI)	Process (IA)	Clock (MI)	Clock (IA)
I16_O16_C16_W2_H2_F8_N6_D2_S0_T600		PASS		PASS		0:00:00		0:00:00		0:00:00		0:00:00
I16_O16_C16_W4_H4_F8_N6_D4_S0_T600		PASS		PASS		0:00:00		0:00:01		0:00:02		0:00:05
I16_O16_C16_W6_H6_F8_N6_D8_S0_T600		PASS		PASS		0:00:01		0:00:03		0:00:04		0:00:17
I16_O16_C16_W8_H8_F8_N6_D16_S0_T600		PASS		PASS		0:00:03		0:00:09		0:00:12		0:00:58
I16_O16_C16_W10_H10_F8_N6_D32_S0_T600		PASS		PASS		0:00:05		0:00:23		0:00:23		0:02:36
I16_O16_C16_W12_H12_F8_N6_D64_S0_T600		PASS		PASS		0:00:10		0:01:01		0:00:47		0:08:42
I16_O16_C16_W14_H14_F8_N6_D128_S0_T600		PASS		PASS		0:00:14		0:02:06		0:01:11		0:18:08
I16_O16_C16_W16_H16_F8_N6_D256_S0_T600		PASS		PASS		0:00:24		0:04:07		0:02:36		0:35:44
I16_O16_C16_W18_H18_F8_N6_D512_S0_T600		PASS		PASS		0:00:31		0:06:55		0:03:06		1:00:24
I16_O16_C16_W20_H20_F8_N6_D1024_S0_T600		PASS		TIMEOUT		0:00:47		0:10:01		0:05:41		0:00:44
I16_O16_C16_W22_H22_F8_N6_D2048_S0_T600		PASS		---		0:01:28		---		0:12:53		---
I16_O16_C16_W24_H24_F8_N6_D4096_S0_T600		PASS		---		0:01:45		---		0:15:52		---
I16_O16_C16_W26_H26_F8_N6_D8192_S0_T600		TIMEOUT		---		0:10:01		---		0:01:02		---

